[0.753s] Invoking command in '/workspaces/docker-ros2-gazebo/ros2_ws/src/example_pkg': PYTHONPATH=/workspaces/docker-ros2-gazebo/ros2_ws/build/example_pkg/prefix_override:/usr/lib/python3/dist-packages/colcon_core/task/python/colcon_distutils_commands:/workspaces/docker-ros2-gazebo/ros2_ws/install/example_pkg/lib/python3.12/site-packages:${PYTHONPATH} /usr/bin/python3 -W ignore:setup.py install is deprecated setup.py egg_info --egg-base ../../build/example_pkg build --build-base /workspaces/docker-ros2-gazebo/ros2_ws/build/example_pkg/build install --record /workspaces/docker-ros2-gazebo/ros2_ws/build/example_pkg/install.log --single-version-externally-managed install_data
[0.977s] running egg_info
[0.990s] writing ../../build/example_pkg/example_pkg.egg-info/PKG-INFO
[0.990s] writing dependency_links to ../../build/example_pkg/example_pkg.egg-info/dependency_links.txt
[0.991s] writing entry points to ../../build/example_pkg/example_pkg.egg-info/entry_points.txt
[0.991s] writing requirements to ../../build/example_pkg/example_pkg.egg-info/requires.txt
[0.991s] writing top-level names to ../../build/example_pkg/example_pkg.egg-info/top_level.txt
[1.017s] reading manifest file '../../build/example_pkg/example_pkg.egg-info/SOURCES.txt'
[1.018s] writing manifest file '../../build/example_pkg/example_pkg.egg-info/SOURCES.txt'
[1.018s] running build
[1.018s] running build_py
[1.018s] running install
[1.025s] running install_lib
[1.040s] running install_data
[1.041s] creating /workspaces/docker-ros2-gazebo/ros2_ws/install/example_pkg/share/example_pkg/launch
[1.041s] running install_egg_info
[1.055s] removing '/workspaces/docker-ros2-gazebo/ros2_ws/install/example_pkg/lib/python3.12/site-packages/example_pkg-0.0.0-py3.12.egg-info' (and everything under it)
[1.056s] Copying ../../build/example_pkg/example_pkg.egg-info to /workspaces/docker-ros2-gazebo/ros2_ws/install/example_pkg/lib/python3.12/site-packages/example_pkg-0.0.0-py3.12.egg-info
[1.056s] running install_scripts
[1.152s] Installing example_node script to /workspaces/docker-ros2-gazebo/ros2_ws/install/example_pkg/lib/example_pkg
[1.152s] writing list of installed files to '/workspaces/docker-ros2-gazebo/ros2_ws/build/example_pkg/install.log'
[1.174s] Invoked command in '/workspaces/docker-ros2-gazebo/ros2_ws/src/example_pkg' returned '0': PYTHONPATH=/workspaces/docker-ros2-gazebo/ros2_ws/build/example_pkg/prefix_override:/usr/lib/python3/dist-packages/colcon_core/task/python/colcon_distutils_commands:/workspaces/docker-ros2-gazebo/ros2_ws/install/example_pkg/lib/python3.12/site-packages:${PYTHONPATH} /usr/bin/python3 -W ignore:setup.py install is deprecated setup.py egg_info --egg-base ../../build/example_pkg build --build-base /workspaces/docker-ros2-gazebo/ros2_ws/build/example_pkg/build install --record /workspaces/docker-ros2-gazebo/ros2_ws/build/example_pkg/install.log --single-version-externally-managed install_data
