[0.663s] Invoking command in '/workspaces/docker-ros2-gazebo/ros2_ws/src/example_pkg': PYTHONPATH=/workspaces/docker-ros2-gazebo/ros2_ws/build/example_pkg/prefix_override:/usr/lib/python3/dist-packages/colcon_core/task/python/colcon_distutils_commands:/workspaces/docker-ros2-gazebo/ros2_ws/install/example_pkg/lib/python3.12/site-packages:${PYTHONPATH} /usr/bin/python3 -W ignore:setup.py install is deprecated setup.py egg_info --egg-base ../../build/example_pkg build --build-base /workspaces/docker-ros2-gazebo/ros2_ws/build/example_pkg/build install --record /workspaces/docker-ros2-gazebo/ros2_ws/build/example_pkg/install.log --single-version-externally-managed install_data
[0.884s] running egg_info
[0.897s] writing ../../build/example_pkg/example_pkg.egg-info/PKG-INFO
[0.897s] writing dependency_links to ../../build/example_pkg/example_pkg.egg-info/dependency_links.txt
[0.897s] writing entry points to ../../build/example_pkg/example_pkg.egg-info/entry_points.txt
[0.897s] writing requirements to ../../build/example_pkg/example_pkg.egg-info/requires.txt
[0.897s] writing top-level names to ../../build/example_pkg/example_pkg.egg-info/top_level.txt
[0.926s] reading manifest file '../../build/example_pkg/example_pkg.egg-info/SOURCES.txt'
[0.927s] writing manifest file '../../build/example_pkg/example_pkg.egg-info/SOURCES.txt'
[0.927s] running build
[0.927s] running build_py
[0.927s] running install
[0.933s] running install_lib
[0.948s] running install_data
[0.948s] copying launch/gazebo_launch.py -> /workspaces/docker-ros2-gazebo/ros2_ws/install/example_pkg/share/example_pkg/launch
[0.948s] running install_egg_info
[0.963s] removing '/workspaces/docker-ros2-gazebo/ros2_ws/install/example_pkg/lib/python3.12/site-packages/example_pkg-0.0.0-py3.12.egg-info' (and everything under it)
[0.963s] Copying ../../build/example_pkg/example_pkg.egg-info to /workspaces/docker-ros2-gazebo/ros2_ws/install/example_pkg/lib/python3.12/site-packages/example_pkg-0.0.0-py3.12.egg-info
[0.964s] running install_scripts
[1.059s] Installing example_node script to /workspaces/docker-ros2-gazebo/ros2_ws/install/example_pkg/lib/example_pkg
[1.060s] writing list of installed files to '/workspaces/docker-ros2-gazebo/ros2_ws/build/example_pkg/install.log'
[1.082s] Invoked command in '/workspaces/docker-ros2-gazebo/ros2_ws/src/example_pkg' returned '0': PYTHONPATH=/workspaces/docker-ros2-gazebo/ros2_ws/build/example_pkg/prefix_override:/usr/lib/python3/dist-packages/colcon_core/task/python/colcon_distutils_commands:/workspaces/docker-ros2-gazebo/ros2_ws/install/example_pkg/lib/python3.12/site-packages:${PYTHONPATH} /usr/bin/python3 -W ignore:setup.py install is deprecated setup.py egg_info --egg-base ../../build/example_pkg build --build-base /workspaces/docker-ros2-gazebo/ros2_ws/build/example_pkg/build install --record /workspaces/docker-ros2-gazebo/ros2_ws/build/example_pkg/install.log --single-version-externally-managed install_data
