[0.113s] DEBUG:colcon:Command line arguments: ['/usr/bin/colcon', 'build']
[0.113s] DEBUG:colcon:Parsed command line arguments: Namespace(log_base=None, log_level=None, verb_name='build', build_base='build', install_base='install', merge_install=False, symlink_install=False, test_result_base=None, continue_on_error=False, executor='parallel', parallel_workers=12, event_handlers=None, ignore_user_meta=False, metas=['./colcon.meta'], base_paths=['.'], packages_ignore=None, packages_ignore_regex=None, paths=None, packages_up_to=None, packages_up_to_regex=None, packages_above=None, packages_above_and_dependencies=None, packages_above_depth=None, packages_select_by_dep=None, packages_skip_by_dep=None, packages_skip_up_to=None, packages_select_build_failed=False, packages_skip_build_finished=False, packages_select_test_failures=False, packages_skip_test_passed=False, packages_select=None, packages_skip=None, packages_select_regex=None, packages_skip_regex=None, packages_start=None, packages_end=None, cmake_args=None, cmake_target=None, cmake_target_skip_unavailable=False, cmake_clean_cache=False, cmake_clean_first=False, cmake_force_configure=False, ament_cmake_args=None, catkin_cmake_args=None, catkin_skip_building_tests=False, mixin_files=None, mixin=None, verb_parser=<colcon_mixin.mixin.mixin_argument.MixinArgumentDecorator object at 0x7fb10a641040>, verb_extension=<colcon_core.verb.build.BuildVerb object at 0x7fb10a77fc80>, main=<bound method BuildVerb.main of <colcon_core.verb.build.BuildVerb object at 0x7fb10a77fc80>>, mixin_verb=('build',))
[0.146s] Level 1:colcon.colcon_core.package_discovery:discover_packages(colcon_meta) check parameters
[0.147s] INFO:colcon.colcon_metadata.package_discovery.colcon_meta:Using configuration from '/root/.colcon/metadata/default/Gazebo.meta'
[0.147s] INFO:colcon.colcon_metadata.package_discovery.colcon_meta:Using configuration from '/root/.colcon/metadata/default/fastrtps.meta'
[0.147s] Level 1:colcon.colcon_core.package_discovery:discover_packages(recursive) check parameters
[0.147s] Level 1:colcon.colcon_core.package_discovery:discover_packages(ignore) check parameters
[0.147s] Level 1:colcon.colcon_core.package_discovery:discover_packages(path) check parameters
[0.147s] Level 1:colcon.colcon_core.package_discovery:discover_packages(colcon_meta) discover
[0.147s] Level 1:colcon.colcon_core.package_discovery:discover_packages(recursive) discover
[0.147s] INFO:colcon.colcon_core.package_discovery:Crawling recursively for packages in '/workspaces/docker-ros2-gazebo/ros2_ws'
[0.147s] Level 1:colcon.colcon_core.package_identification:_identify(.) by extensions ['ignore', 'ignore_ament_install']
[0.148s] Level 1:colcon.colcon_core.package_identification:_identify(.) by extension 'ignore'
[0.148s] Level 1:colcon.colcon_core.package_identification:_identify(.) by extension 'ignore_ament_install'
[0.148s] Level 1:colcon.colcon_core.package_identification:_identify(.) by extensions ['colcon_pkg']
[0.148s] Level 1:colcon.colcon_core.package_identification:_identify(.) by extension 'colcon_pkg'
[0.148s] Level 1:colcon.colcon_core.package_identification:_identify(.) by extensions ['colcon_meta']
[0.148s] Level 1:colcon.colcon_core.package_identification:_identify(.) by extension 'colcon_meta'
[0.148s] Level 1:colcon.colcon_core.package_identification:_identify(.) by extensions ['ros']
[0.148s] Level 1:colcon.colcon_core.package_identification:_identify(.) by extension 'ros'
[0.170s] Level 1:colcon.colcon_core.package_identification:_identify(.) by extensions ['cmake', 'python']
[0.170s] Level 1:colcon.colcon_core.package_identification:_identify(.) by extension 'cmake'
[0.170s] Level 1:colcon.colcon_core.package_identification:_identify(.) by extension 'python'
[0.171s] Level 1:colcon.colcon_core.package_identification:_identify(.) by extensions ['python_setup_py']
[0.171s] Level 1:colcon.colcon_core.package_identification:_identify(.) by extension 'python_setup_py'
[0.171s] Level 1:colcon.colcon_core.package_identification:_identify(build) by extensions ['ignore', 'ignore_ament_install']
[0.171s] Level 1:colcon.colcon_core.package_identification:_identify(build) by extension 'ignore'
[0.171s] Level 1:colcon.colcon_core.package_identification:_identify(build) ignored
[0.171s] Level 1:colcon.colcon_core.package_identification:_identify(install) by extensions ['ignore', 'ignore_ament_install']
[0.171s] Level 1:colcon.colcon_core.package_identification:_identify(install) by extension 'ignore'
[0.171s] Level 1:colcon.colcon_core.package_identification:_identify(install) ignored
[0.171s] Level 1:colcon.colcon_core.package_identification:_identify(log) by extensions ['ignore', 'ignore_ament_install']
[0.171s] Level 1:colcon.colcon_core.package_identification:_identify(log) by extension 'ignore'
[0.171s] Level 1:colcon.colcon_core.package_identification:_identify(log) ignored
[0.171s] Level 1:colcon.colcon_core.package_identification:_identify(src) by extensions ['ignore', 'ignore_ament_install']
[0.171s] Level 1:colcon.colcon_core.package_identification:_identify(src) by extension 'ignore'
[0.171s] Level 1:colcon.colcon_core.package_identification:_identify(src) by extension 'ignore_ament_install'
[0.171s] Level 1:colcon.colcon_core.package_identification:_identify(src) by extensions ['colcon_pkg']
[0.171s] Level 1:colcon.colcon_core.package_identification:_identify(src) by extension 'colcon_pkg'
[0.172s] Level 1:colcon.colcon_core.package_identification:_identify(src) by extensions ['colcon_meta']
[0.172s] Level 1:colcon.colcon_core.package_identification:_identify(src) by extension 'colcon_meta'
[0.172s] Level 1:colcon.colcon_core.package_identification:_identify(src) by extensions ['ros']
[0.172s] Level 1:colcon.colcon_core.package_identification:_identify(src) by extension 'ros'
[0.172s] Level 1:colcon.colcon_core.package_identification:_identify(src) by extensions ['cmake', 'python']
[0.172s] Level 1:colcon.colcon_core.package_identification:_identify(src) by extension 'cmake'
[0.172s] Level 1:colcon.colcon_core.package_identification:_identify(src) by extension 'python'
[0.172s] Level 1:colcon.colcon_core.package_identification:_identify(src) by extensions ['python_setup_py']
[0.172s] Level 1:colcon.colcon_core.package_identification:_identify(src) by extension 'python_setup_py'
[0.172s] Level 1:colcon.colcon_core.package_identification:_identify(src/example_pkg) by extensions ['ignore', 'ignore_ament_install']
[0.172s] Level 1:colcon.colcon_core.package_identification:_identify(src/example_pkg) by extension 'ignore'
[0.172s] Level 1:colcon.colcon_core.package_identification:_identify(src/example_pkg) by extension 'ignore_ament_install'
[0.172s] Level 1:colcon.colcon_core.package_identification:_identify(src/example_pkg) by extensions ['colcon_pkg']
[0.172s] Level 1:colcon.colcon_core.package_identification:_identify(src/example_pkg) by extension 'colcon_pkg'
[0.172s] Level 1:colcon.colcon_core.package_identification:_identify(src/example_pkg) by extensions ['colcon_meta']
[0.172s] Level 1:colcon.colcon_core.package_identification:_identify(src/example_pkg) by extension 'colcon_meta'
[0.172s] Level 1:colcon.colcon_core.package_identification:_identify(src/example_pkg) by extensions ['ros']
[0.172s] Level 1:colcon.colcon_core.package_identification:_identify(src/example_pkg) by extension 'ros'
[0.175s] DEBUG:colcon.colcon_core.package_identification:Package 'src/example_pkg' with type 'ros.ament_python' and name 'example_pkg'
[0.175s] Level 1:colcon.colcon_core.package_discovery:discover_packages(recursive) using defaults
[0.175s] Level 1:colcon.colcon_core.package_discovery:discover_packages(ignore) discover
[0.175s] Level 1:colcon.colcon_core.package_discovery:discover_packages(ignore) using defaults
[0.175s] Level 1:colcon.colcon_core.package_discovery:discover_packages(path) discover
[0.175s] Level 1:colcon.colcon_core.package_discovery:discover_packages(path) using defaults
[0.190s] Level 5:colcon.colcon_core.verb:set package 'example_pkg' build argument 'cmake_args' from command line to 'None'
[0.190s] Level 5:colcon.colcon_core.verb:set package 'example_pkg' build argument 'cmake_target' from command line to 'None'
[0.190s] Level 5:colcon.colcon_core.verb:set package 'example_pkg' build argument 'cmake_target_skip_unavailable' from command line to 'False'
[0.190s] Level 5:colcon.colcon_core.verb:set package 'example_pkg' build argument 'cmake_clean_cache' from command line to 'False'
[0.191s] Level 5:colcon.colcon_core.verb:set package 'example_pkg' build argument 'cmake_clean_first' from command line to 'False'
[0.191s] Level 5:colcon.colcon_core.verb:set package 'example_pkg' build argument 'cmake_force_configure' from command line to 'False'
[0.191s] Level 5:colcon.colcon_core.verb:set package 'example_pkg' build argument 'ament_cmake_args' from command line to 'None'
[0.191s] Level 5:colcon.colcon_core.verb:set package 'example_pkg' build argument 'catkin_cmake_args' from command line to 'None'
[0.191s] Level 5:colcon.colcon_core.verb:set package 'example_pkg' build argument 'catkin_skip_building_tests' from command line to 'False'
[0.191s] DEBUG:colcon.colcon_core.verb:Building package 'example_pkg' with the following arguments: {'ament_cmake_args': None, 'build_base': '/workspaces/docker-ros2-gazebo/ros2_ws/build/example_pkg', 'catkin_cmake_args': None, 'catkin_skip_building_tests': False, 'cmake_args': None, 'cmake_clean_cache': False, 'cmake_clean_first': False, 'cmake_force_configure': False, 'cmake_target': None, 'cmake_target_skip_unavailable': False, 'install_base': '/workspaces/docker-ros2-gazebo/ros2_ws/install/example_pkg', 'merge_install': False, 'path': '/workspaces/docker-ros2-gazebo/ros2_ws/src/example_pkg', 'symlink_install': False, 'test_result_base': None}
[0.191s] INFO:colcon.colcon_core.executor:Executing jobs using 'parallel' executor
[0.191s] DEBUG:colcon.colcon_parallel_executor.executor.parallel:run_until_complete
[0.192s] INFO:colcon.colcon_ros.task.ament_python.build:Building ROS package in '/workspaces/docker-ros2-gazebo/ros2_ws/src/example_pkg' with build type 'ament_python'
[0.192s] Level 1:colcon.colcon_core.shell:create_environment_hook('example_pkg', 'ament_prefix_path')
[0.194s] INFO:colcon.colcon_core.plugin_system:Skipping extension 'colcon_core.shell.bat': Not used on non-Windows systems
[0.194s] INFO:colcon.colcon_core.shell:Creating environment hook '/workspaces/docker-ros2-gazebo/ros2_ws/install/example_pkg/share/example_pkg/hook/ament_prefix_path.ps1'
[0.194s] INFO:colcon.colcon_core.shell:Creating environment descriptor '/workspaces/docker-ros2-gazebo/ros2_ws/install/example_pkg/share/example_pkg/hook/ament_prefix_path.dsv'
[0.195s] INFO:colcon.colcon_core.shell:Creating environment hook '/workspaces/docker-ros2-gazebo/ros2_ws/install/example_pkg/share/example_pkg/hook/ament_prefix_path.sh'
[0.195s] INFO:colcon.colcon_core.shell:Skip shell extension 'powershell' for command environment: Not usable outside of PowerShell
[0.195s] DEBUG:colcon.colcon_core.shell:Skip shell extension 'dsv' for command environment
[0.380s] INFO:colcon.colcon_core.task.python.build:Building Python package in '/workspaces/docker-ros2-gazebo/ros2_ws/src/example_pkg'
[0.380s] INFO:colcon.colcon_core.shell:Skip shell extension 'powershell' for command environment: Not usable outside of PowerShell
[0.380s] DEBUG:colcon.colcon_core.shell:Skip shell extension 'dsv' for command environment
[0.946s] DEBUG:colcon.colcon_core.event_handler.log_command:Invoking command in '/workspaces/docker-ros2-gazebo/ros2_ws/src/example_pkg': PYTHONPATH=/workspaces/docker-ros2-gazebo/ros2_ws/build/example_pkg/prefix_override:/usr/lib/python3/dist-packages/colcon_core/task/python/colcon_distutils_commands:/workspaces/docker-ros2-gazebo/ros2_ws/install/example_pkg/lib/python3.12/site-packages:${PYTHONPATH} /usr/bin/python3 -W ignore:setup.py install is deprecated setup.py egg_info --egg-base ../../build/example_pkg build --build-base /workspaces/docker-ros2-gazebo/ros2_ws/build/example_pkg/build install --record /workspaces/docker-ros2-gazebo/ros2_ws/build/example_pkg/install.log --single-version-externally-managed install_data
[1.366s] DEBUG:colcon.colcon_core.event_handler.log_command:Invoked command in '/workspaces/docker-ros2-gazebo/ros2_ws/src/example_pkg' returned '0': PYTHONPATH=/workspaces/docker-ros2-gazebo/ros2_ws/build/example_pkg/prefix_override:/usr/lib/python3/dist-packages/colcon_core/task/python/colcon_distutils_commands:/workspaces/docker-ros2-gazebo/ros2_ws/install/example_pkg/lib/python3.12/site-packages:${PYTHONPATH} /usr/bin/python3 -W ignore:setup.py install is deprecated setup.py egg_info --egg-base ../../build/example_pkg build --build-base /workspaces/docker-ros2-gazebo/ros2_ws/build/example_pkg/build install --record /workspaces/docker-ros2-gazebo/ros2_ws/build/example_pkg/install.log --single-version-externally-managed install_data
[1.368s] Level 1:colcon.colcon_core.environment:checking '/workspaces/docker-ros2-gazebo/ros2_ws/install/example_pkg' for CMake module files
[1.369s] Level 1:colcon.colcon_core.environment:checking '/workspaces/docker-ros2-gazebo/ros2_ws/install/example_pkg' for CMake config files
[1.369s] Level 1:colcon.colcon_core.environment:checking '/workspaces/docker-ros2-gazebo/ros2_ws/install/example_pkg/lib'
[1.370s] Level 1:colcon.colcon_core.environment:checking '/workspaces/docker-ros2-gazebo/ros2_ws/install/example_pkg/bin'
[1.370s] Level 1:colcon.colcon_core.environment:checking '/workspaces/docker-ros2-gazebo/ros2_ws/install/example_pkg/lib/pkgconfig/example_pkg.pc'
[1.370s] Level 1:colcon.colcon_core.environment:checking '/workspaces/docker-ros2-gazebo/ros2_ws/install/example_pkg/lib/python3.12/site-packages'
[1.370s] Level 1:colcon.colcon_core.shell:create_environment_hook('example_pkg', 'pythonpath')
[1.370s] INFO:colcon.colcon_core.shell:Creating environment hook '/workspaces/docker-ros2-gazebo/ros2_ws/install/example_pkg/share/example_pkg/hook/pythonpath.ps1'
[1.371s] INFO:colcon.colcon_core.shell:Creating environment descriptor '/workspaces/docker-ros2-gazebo/ros2_ws/install/example_pkg/share/example_pkg/hook/pythonpath.dsv'
[1.371s] INFO:colcon.colcon_core.shell:Creating environment hook '/workspaces/docker-ros2-gazebo/ros2_ws/install/example_pkg/share/example_pkg/hook/pythonpath.sh'
[1.371s] Level 1:colcon.colcon_core.environment:checking '/workspaces/docker-ros2-gazebo/ros2_ws/install/example_pkg/bin'
[1.371s] Level 1:colcon.colcon_core.environment:create_environment_scripts_only(example_pkg)
[1.372s] INFO:colcon.colcon_core.shell:Creating package script '/workspaces/docker-ros2-gazebo/ros2_ws/install/example_pkg/share/example_pkg/package.ps1'
[1.372s] INFO:colcon.colcon_core.shell:Creating package descriptor '/workspaces/docker-ros2-gazebo/ros2_ws/install/example_pkg/share/example_pkg/package.dsv'
[1.373s] INFO:colcon.colcon_core.shell:Creating package script '/workspaces/docker-ros2-gazebo/ros2_ws/install/example_pkg/share/example_pkg/package.sh'
[1.373s] INFO:colcon.colcon_core.shell:Creating package script '/workspaces/docker-ros2-gazebo/ros2_ws/install/example_pkg/share/example_pkg/package.bash'
[1.374s] INFO:colcon.colcon_core.shell:Creating package script '/workspaces/docker-ros2-gazebo/ros2_ws/install/example_pkg/share/example_pkg/package.zsh'
[1.374s] Level 1:colcon.colcon_core.environment:create_file_with_runtime_dependencies(/workspaces/docker-ros2-gazebo/ros2_ws/install/example_pkg/share/colcon-core/packages/example_pkg)
[1.374s] DEBUG:colcon.colcon_parallel_executor.executor.parallel:closing loop
[1.374s] DEBUG:colcon.colcon_parallel_executor.executor.parallel:loop closed
[1.374s] DEBUG:colcon.colcon_parallel_executor.executor.parallel:run_until_complete finished with '0'
[1.374s] DEBUG:colcon.colcon_core.event_reactor:joining thread
[1.380s] INFO:colcon.colcon_core.plugin_system:Skipping extension 'colcon_notification.desktop_notification.notify_send': Could not find 'notify-send'
[1.380s] INFO:colcon.colcon_core.plugin_system:Skipping extension 'colcon_notification.desktop_notification.terminal_notifier': Not used on non-Darwin systems
[1.380s] INFO:colcon.colcon_core.plugin_system:Skipping extension 'colcon_notification.desktop_notification.win32': Not used on non-Windows systems
[1.380s] INFO:colcon.colcon_notification.desktop_notification:Sending desktop notification using 'notify2'
[1.380s] DEBUG:colcon.colcon_notification.desktop_notification.notify2:Failed to initialize notify2: org.freedesktop.DBus.Error.InvalidFileContent: D-Bus library appears to be incorrectly set up: see the manual page for dbus-uuidgen to correct this issue. (Failed to open "/var/lib/dbus/machine-id": No such file or directory; UUID file '/etc/machine-id' should contain a hex string of length 32, not length 0, with no other text)
[1.380s] DEBUG:colcon.colcon_core.event_reactor:joined thread
[1.380s] INFO:colcon.colcon_core.shell:Creating prefix script '/workspaces/docker-ros2-gazebo/ros2_ws/install/local_setup.ps1'
[1.381s] INFO:colcon.colcon_core.shell:Creating prefix util module '/workspaces/docker-ros2-gazebo/ros2_ws/install/_local_setup_util_ps1.py'
[1.382s] INFO:colcon.colcon_core.shell:Creating prefix chain script '/workspaces/docker-ros2-gazebo/ros2_ws/install/setup.ps1'
[1.383s] INFO:colcon.colcon_core.shell:Creating prefix script '/workspaces/docker-ros2-gazebo/ros2_ws/install/local_setup.sh'
[1.383s] INFO:colcon.colcon_core.shell:Creating prefix util module '/workspaces/docker-ros2-gazebo/ros2_ws/install/_local_setup_util_sh.py'
[1.383s] INFO:colcon.colcon_core.shell:Creating prefix chain script '/workspaces/docker-ros2-gazebo/ros2_ws/install/setup.sh'
[1.384s] INFO:colcon.colcon_core.shell:Creating prefix script '/workspaces/docker-ros2-gazebo/ros2_ws/install/local_setup.bash'
[1.385s] INFO:colcon.colcon_core.shell:Creating prefix chain script '/workspaces/docker-ros2-gazebo/ros2_ws/install/setup.bash'
[1.385s] INFO:colcon.colcon_core.shell:Creating prefix script '/workspaces/docker-ros2-gazebo/ros2_ws/install/local_setup.zsh'
[1.386s] INFO:colcon.colcon_core.shell:Creating prefix chain script '/workspaces/docker-ros2-gazebo/ros2_ws/install/setup.zsh'
