-- The C compiler identification is GNU 13.2.0
-- The CXX compiler identification is GNU 13.2.0
-- Detecting C compiler ABI info
-- Detecting C compiler ABI info - done
-- Check for working C compiler: /usr/bin/cc - skipped
-- Detecting C compile features
-- Detecting C compile features - done
-- Detecting CXX compiler ABI info
-- Detecting CXX compiler ABI info - done
-- Check for working CXX compiler: /usr/bin/c++ - skipped
-- Detecting CXX compile features
-- Detecting CXX compile features - done
-- Found ament_cmake: 2.7.0 (/opt/ros/rolling/share/ament_cmake/cmake)
-- Found Python3: /usr/bin/python3 (found version "3.12.3") found components: Interpreter 
-- Found geometry_msgs: 5.4.1 (/opt/ros/rolling/share/geometry_msgs/cmake)
-- Found rosidl_generator_c: 4.8.1 (/opt/ros/rolling/share/rosidl_generator_c/cmake)
-- Found rosidl_generator_cpp: 4.8.1 (/opt/ros/rolling/share/rosidl_generator_cpp/cmake)
-- Using all available rosidl_typesupport_c: rosidl_typesupport_fastrtps_c;rosidl_typesupport_introspection_c
-- Using all available rosidl_typesupport_cpp: rosidl_typesupport_fastrtps_cpp;rosidl_typesupport_introspection_cpp
-- Found rosidl_default_generators: 1.7.1 (/opt/ros/rolling/share/rosidl_default_generators/cmake)
-- Found rosidl_adapter: 4.8.1 (/opt/ros/rolling/share/rosidl_adapter/cmake)
-- Found ament_cmake_cppcheck: 0.18.1 (/opt/ros/rolling/share/ament_cmake_cppcheck/cmake)
-- Found ament_cmake_cpplint: 0.18.1 (/opt/ros/rolling/share/ament_cmake_cpplint/cmake)
-- Found ament_cmake_uncrustify: 0.18.1 (/opt/ros/rolling/share/ament_cmake_uncrustify/cmake)
-- Found ament_cmake_ros: 0.13.0 (/opt/ros/rolling/share/ament_cmake_ros/cmake)
-- Using all available rosidl_typesupport_c: rosidl_typesupport_fastrtps_c;rosidl_typesupport_introspection_c
-- Using all available rosidl_typesupport_cpp: rosidl_typesupport_fastrtps_cpp;rosidl_typesupport_introspection_cpp
-- Found python_cmake_module: 0.12.0 (/opt/ros/rolling/share/python_cmake_module/cmake)
-- Found PythonExtra: /usr/bin/python3  
-- Found Python3: /usr/bin/python3 (found version "3.12.3") found components: Interpreter Development NumPy Development.Module Development.Embed 
-- Found ament_cmake_flake8: 0.18.1 (/opt/ros/rolling/share/ament_cmake_flake8/cmake)
-- Found ament_cmake_pep257: 0.18.1 (/opt/ros/rolling/share/ament_cmake_pep257/cmake)
-- Found ament_lint_auto: 0.18.1 (/opt/ros/rolling/share/ament_lint_auto/cmake)
-- Added test 'copyright' to check source files copyright and LICENSE
-- Added test 'xmllint' to check XML markup files
-- Configuring done (5.2s)
-- Generating done (0.0s)
-- Build files have been written to: /root/ros2_ws/build/ardupilot_msgs
[  1%] [34m[1mGenerating type hashes for ROS interfaces[0m
[  1%] Built target ament_cmake_python_copy_ardupilot_msgs
running egg_info
creating ardupilot_msgs.egg-info
writing ardupilot_msgs.egg-info/PKG-INFO
writing dependency_links to ardupilot_msgs.egg-info/dependency_links.txt
writing top-level names to ardupilot_msgs.egg-info/top_level.txt
writing manifest file 'ardupilot_msgs.egg-info/SOURCES.txt'
reading manifest file 'ardupilot_msgs.egg-info/SOURCES.txt'
writing manifest file 'ardupilot_msgs.egg-info/SOURCES.txt'
[  1%] Built target ament_cmake_python_build_ardupilot_msgs_egg
[  1%] Built target ardupilot_msgs__rosidl_generator_type_description
[  3%] [34m[1mGenerating C code for ROS interfaces[0m
[  5%] [34m[1mGenerating C++ code for ROS interfaces[0m
[  5%] Built target ardupilot_msgs__cpp
[  7%] [32mBuilding C object CMakeFiles/ardupilot_msgs__rosidl_generator_c.dir/rosidl_generator_c/ardupilot_msgs/msg/detail/global_position__type_support.c.o[0m
[ 11%] [32mBuilding C object CMakeFiles/ardupilot_msgs__rosidl_generator_c.dir/rosidl_generator_c/ardupilot_msgs/msg/detail/global_position__functions.c.o[0m
[ 14%] [32mBuilding C object CMakeFiles/ardupilot_msgs__rosidl_generator_c.dir/rosidl_generator_c/ardupilot_msgs/msg/detail/global_position__description.c.o[0m
[ 14%] [32mBuilding C object CMakeFiles/ardupilot_msgs__rosidl_generator_c.dir/rosidl_generator_c/ardupilot_msgs/srv/detail/arm_motors__functions.c.o[0m
[ 14%] [32mBuilding C object CMakeFiles/ardupilot_msgs__rosidl_generator_c.dir/rosidl_generator_c/ardupilot_msgs/srv/detail/arm_motors__description.c.o[0m
[ 18%] [32mBuilding C object CMakeFiles/ardupilot_msgs__rosidl_generator_c.dir/rosidl_generator_c/ardupilot_msgs/srv/detail/arm_motors__type_support.c.o[0m
[ 18%] [32mBuilding C object CMakeFiles/ardupilot_msgs__rosidl_generator_c.dir/rosidl_generator_c/ardupilot_msgs/srv/detail/mode_switch__description.c.o[0m
[ 20%] [32mBuilding C object CMakeFiles/ardupilot_msgs__rosidl_generator_c.dir/rosidl_generator_c/ardupilot_msgs/srv/detail/mode_switch__functions.c.o[0m
[ 22%] [32mBuilding C object CMakeFiles/ardupilot_msgs__rosidl_generator_c.dir/rosidl_generator_c/ardupilot_msgs/srv/detail/mode_switch__type_support.c.o[0m
[ 24%] [32m[1mLinking C shared library libardupilot_msgs__rosidl_generator_c.so[0m
[ 24%] Built target ardupilot_msgs__rosidl_generator_c
[ 25%] [34m[1mGenerating C type support for eProsima Fast-RTPS[0m
[ 27%] [34m[1mGenerating C++ type support for eProsima Fast-RTPS[0m
[ 31%] [34m[1mGenerating C introspection for ROS interfaces[0m
[ 31%] [34m[1mGenerating C++ introspection for ROS interfaces[0m
[ 33%] [34m[1mGenerating C type support dispatch for ROS interfaces[0m
[ 35%] [34m[1mGenerating C++ type support dispatch for ROS interfaces[0m
[ 37%] [32mBuilding CXX object CMakeFiles/ardupilot_msgs__rosidl_typesupport_cpp.dir/rosidl_typesupport_cpp/ardupilot_msgs/msg/global_position__type_support.cpp.o[0m
[ 40%] [32mBuilding CXX object CMakeFiles/ardupilot_msgs__rosidl_typesupport_cpp.dir/rosidl_typesupport_cpp/ardupilot_msgs/srv/arm_motors__type_support.cpp.o[0m
[ 40%] [32mBuilding CXX object CMakeFiles/ardupilot_msgs__rosidl_typesupport_cpp.dir/rosidl_typesupport_cpp/ardupilot_msgs/srv/mode_switch__type_support.cpp.o[0m
[ 42%] [32mBuilding CXX object CMakeFiles/ardupilot_msgs__rosidl_typesupport_c.dir/rosidl_typesupport_c/ardupilot_msgs/msg/global_position__type_support.cpp.o[0m
[ 44%] [32mBuilding CXX object CMakeFiles/ardupilot_msgs__rosidl_typesupport_c.dir/rosidl_typesupport_c/ardupilot_msgs/srv/mode_switch__type_support.cpp.o[0m
[ 46%] [32mBuilding CXX object CMakeFiles/ardupilot_msgs__rosidl_typesupport_c.dir/rosidl_typesupport_c/ardupilot_msgs/srv/arm_motors__type_support.cpp.o[0m
[ 48%] [32mBuilding CXX object CMakeFiles/ardupilot_msgs__rosidl_typesupport_fastrtps_c.dir/rosidl_typesupport_fastrtps_c/ardupilot_msgs/msg/detail/global_position__type_support_c.cpp.o[0m
[ 50%] [32mBuilding CXX object CMakeFiles/ardupilot_msgs__rosidl_typesupport_fastrtps_c.dir/rosidl_typesupport_fastrtps_c/ardupilot_msgs/srv/detail/arm_motors__type_support_c.cpp.o[0m
[ 51%] [32mBuilding CXX object CMakeFiles/ardupilot_msgs__rosidl_typesupport_fastrtps_cpp.dir/rosidl_typesupport_fastrtps_cpp/ardupilot_msgs/msg/detail/dds_fastrtps/global_position__type_support.cpp.o[0m
[ 53%] [32mBuilding CXX object CMakeFiles/ardupilot_msgs__rosidl_typesupport_introspection_cpp.dir/rosidl_typesupport_introspection_cpp/ardupilot_msgs/msg/detail/global_position__type_support.cpp.o[0m
[ 55%] [32mBuilding CXX object CMakeFiles/ardupilot_msgs__rosidl_typesupport_fastrtps_cpp.dir/rosidl_typesupport_fastrtps_cpp/ardupilot_msgs/srv/detail/dds_fastrtps/arm_motors__type_support.cpp.o[0m
[ 57%] [32mBuilding CXX object CMakeFiles/ardupilot_msgs__rosidl_typesupport_introspection_cpp.dir/rosidl_typesupport_introspection_cpp/ardupilot_msgs/srv/detail/arm_motors__type_support.cpp.o[0m
[ 59%] [32mBuilding CXX object CMakeFiles/ardupilot_msgs__rosidl_typesupport_fastrtps_cpp.dir/rosidl_typesupport_fastrtps_cpp/ardupilot_msgs/srv/detail/dds_fastrtps/mode_switch__type_support.cpp.o[0m
[ 61%] [32m[1mLinking CXX shared library libardupilot_msgs__rosidl_typesupport_c.so[0m
[ 62%] [32mBuilding C object CMakeFiles/ardupilot_msgs__rosidl_typesupport_introspection_c.dir/rosidl_typesupport_introspection_c/ardupilot_msgs/msg/detail/global_position__type_support.c.o[0m
[ 62%] Built target ardupilot_msgs__rosidl_typesupport_c
[ 64%] [32mBuilding C object CMakeFiles/ardupilot_msgs__rosidl_typesupport_introspection_c.dir/rosidl_typesupport_introspection_c/ardupilot_msgs/srv/detail/arm_motors__type_support.c.o[0m
[ 66%] [32mBuilding C object CMakeFiles/ardupilot_msgs__rosidl_typesupport_introspection_c.dir/rosidl_typesupport_introspection_c/ardupilot_msgs/srv/detail/mode_switch__type_support.c.o[0m
[ 68%] [32mBuilding CXX object CMakeFiles/ardupilot_msgs__rosidl_typesupport_introspection_cpp.dir/rosidl_typesupport_introspection_cpp/ardupilot_msgs/srv/detail/mode_switch__type_support.cpp.o[0m
[ 70%] [32mBuilding CXX object CMakeFiles/ardupilot_msgs__rosidl_typesupport_fastrtps_c.dir/rosidl_typesupport_fastrtps_c/ardupilot_msgs/srv/detail/mode_switch__type_support_c.cpp.o[0m
[ 72%] [32m[1mLinking C shared library libardupilot_msgs__rosidl_typesupport_introspection_c.so[0m
[ 72%] Built target ardupilot_msgs__rosidl_typesupport_introspection_c
[ 74%] [32m[1mLinking CXX shared library libardupilot_msgs__rosidl_typesupport_cpp.so[0m
[ 74%] Built target ardupilot_msgs__rosidl_typesupport_cpp
[ 75%] [32m[1mLinking CXX shared library libardupilot_msgs__rosidl_typesupport_introspection_cpp.so[0m
[ 75%] Built target ardupilot_msgs__rosidl_typesupport_introspection_cpp
[ 77%] [32m[1mLinking CXX shared library libardupilot_msgs__rosidl_typesupport_fastrtps_cpp.so[0m
[ 79%] [32m[1mLinking CXX shared library libardupilot_msgs__rosidl_typesupport_fastrtps_c.so[0m
[ 79%] Built target ardupilot_msgs__rosidl_typesupport_fastrtps_cpp
[ 79%] Built target ardupilot_msgs__rosidl_typesupport_fastrtps_c
[ 79%] Built target ardupilot_msgs
[ 81%] [34m[1mGenerating Python code for ROS interfaces[0m
[ 81%] Built target ardupilot_msgs__py
[ 83%] [32mBuilding C object CMakeFiles/ardupilot_msgs__rosidl_generator_py.dir/rosidl_generator_py/ardupilot_msgs/srv/_mode_switch_s.c.o[0m
[ 85%] [32mBuilding C object CMakeFiles/ardupilot_msgs__rosidl_generator_py.dir/rosidl_generator_py/ardupilot_msgs/srv/_arm_motors_s.c.o[0m
[ 87%] [32mBuilding C object CMakeFiles/ardupilot_msgs__rosidl_generator_py.dir/rosidl_generator_py/ardupilot_msgs/msg/_global_position_s.c.o[0m
[ 88%] [32m[1mLinking C shared library libardupilot_msgs__rosidl_generator_py.so[0m
[ 88%] Built target ardupilot_msgs__rosidl_generator_py
[ 92%] [32mBuilding C object CMakeFiles/ardupilot_msgs_s__rosidl_typesupport_fastrtps_c.dir/rosidl_generator_py/ardupilot_msgs/_ardupilot_msgs_s.ep.rosidl_typesupport_fastrtps_c.c.o[0m
[ 92%] [32mBuilding C object CMakeFiles/ardupilot_msgs_s__rosidl_typesupport_c.dir/rosidl_generator_py/ardupilot_msgs/_ardupilot_msgs_s.ep.rosidl_typesupport_c.c.o[0m
[ 94%] [32mBuilding C object CMakeFiles/ardupilot_msgs_s__rosidl_typesupport_introspection_c.dir/rosidl_generator_py/ardupilot_msgs/_ardupilot_msgs_s.ep.rosidl_typesupport_introspection_c.c.o[0m
[ 96%] [32m[1mLinking C shared module rosidl_generator_py/ardupilot_msgs/ardupilot_msgs_s__rosidl_typesupport_c.so[0m
[ 96%] Built target ardupilot_msgs_s__rosidl_typesupport_c
[ 98%] [32m[1mLinking C shared module rosidl_generator_py/ardupilot_msgs/ardupilot_msgs_s__rosidl_typesupport_fastrtps_c.so[0m
[100%] [32m[1mLinking C shared module rosidl_generator_py/ardupilot_msgs/ardupilot_msgs_s__rosidl_typesupport_introspection_c.so[0m
[100%] Built target ardupilot_msgs_s__rosidl_typesupport_fastrtps_c
[100%] Built target ardupilot_msgs_s__rosidl_typesupport_introspection_c
-- Install configuration: ""
-- Installing: /root/ros2_ws/install/ardupilot_msgs/share/ament_index/resource_index/rosidl_interfaces/ardupilot_msgs
-- Installing: /root/ros2_ws/install/ardupilot_msgs/share/ardupilot_msgs/msg/GlobalPosition.json
-- Installing: /root/ros2_ws/install/ardupilot_msgs/share/ardupilot_msgs/srv/ArmMotors.json
-- Installing: /root/ros2_ws/install/ardupilot_msgs/share/ardupilot_msgs/srv/ModeSwitch.json
-- Installing: /root/ros2_ws/install/ardupilot_msgs/include/ardupilot_msgs/ardupilot_msgs
-- Installing: /root/ros2_ws/install/ardupilot_msgs/include/ardupilot_msgs/ardupilot_msgs/srv
-- Installing: /root/ros2_ws/install/ardupilot_msgs/include/ardupilot_msgs/ardupilot_msgs/srv/mode_switch.h
-- Installing: /root/ros2_ws/install/ardupilot_msgs/include/ardupilot_msgs/ardupilot_msgs/srv/detail
-- Installing: /root/ros2_ws/install/ardupilot_msgs/include/ardupilot_msgs/ardupilot_msgs/srv/detail/arm_motors__type_support.h
-- Installing: /root/ros2_ws/install/ardupilot_msgs/include/ardupilot_msgs/ardupilot_msgs/srv/detail/arm_motors__functions.c
-- Installing: /root/ros2_ws/install/ardupilot_msgs/include/ardupilot_msgs/ardupilot_msgs/srv/detail/mode_switch__description.c
-- Installing: /root/ros2_ws/install/ardupilot_msgs/include/ardupilot_msgs/ardupilot_msgs/srv/detail/arm_motors__functions.h
-- Installing: /root/ros2_ws/install/ardupilot_msgs/include/ardupilot_msgs/ardupilot_msgs/srv/detail/mode_switch__type_support.c
-- Installing: /root/ros2_ws/install/ardupilot_msgs/include/ardupilot_msgs/ardupilot_msgs/srv/detail/arm_motors__description.c
-- Installing: /root/ros2_ws/install/ardupilot_msgs/include/ardupilot_msgs/ardupilot_msgs/srv/detail/mode_switch__type_support.h
-- Installing: /root/ros2_ws/install/ardupilot_msgs/include/ardupilot_msgs/ardupilot_msgs/srv/detail/mode_switch__functions.c
-- Installing: /root/ros2_ws/install/ardupilot_msgs/include/ardupilot_msgs/ardupilot_msgs/srv/detail/mode_switch__struct.h
-- Installing: /root/ros2_ws/install/ardupilot_msgs/include/ardupilot_msgs/ardupilot_msgs/srv/detail/mode_switch__functions.h
-- Installing: /root/ros2_ws/install/ardupilot_msgs/include/ardupilot_msgs/ardupilot_msgs/srv/detail/arm_motors__struct.h
-- Installing: /root/ros2_ws/install/ardupilot_msgs/include/ardupilot_msgs/ardupilot_msgs/srv/detail/arm_motors__type_support.c
-- Installing: /root/ros2_ws/install/ardupilot_msgs/include/ardupilot_msgs/ardupilot_msgs/srv/arm_motors.h
-- Installing: /root/ros2_ws/install/ardupilot_msgs/include/ardupilot_msgs/ardupilot_msgs/msg
-- Installing: /root/ros2_ws/install/ardupilot_msgs/include/ardupilot_msgs/ardupilot_msgs/msg/rosidl_generator_c__visibility_control.h
-- Installing: /root/ros2_ws/install/ardupilot_msgs/include/ardupilot_msgs/ardupilot_msgs/msg/global_position.h
-- Installing: /root/ros2_ws/install/ardupilot_msgs/include/ardupilot_msgs/ardupilot_msgs/msg/detail
-- Installing: /root/ros2_ws/install/ardupilot_msgs/include/ardupilot_msgs/ardupilot_msgs/msg/detail/global_position__description.c
-- Installing: /root/ros2_ws/install/ardupilot_msgs/include/ardupilot_msgs/ardupilot_msgs/msg/detail/global_position__functions.h
-- Installing: /root/ros2_ws/install/ardupilot_msgs/include/ardupilot_msgs/ardupilot_msgs/msg/detail/global_position__struct.h
-- Installing: /root/ros2_ws/install/ardupilot_msgs/include/ardupilot_msgs/ardupilot_msgs/msg/detail/global_position__functions.c
-- Installing: /root/ros2_ws/install/ardupilot_msgs/include/ardupilot_msgs/ardupilot_msgs/msg/detail/global_position__type_support.h
-- Installing: /root/ros2_ws/install/ardupilot_msgs/include/ardupilot_msgs/ardupilot_msgs/msg/detail/global_position__type_support.c
-- Installing: /root/ros2_ws/install/ardupilot_msgs/share/ardupilot_msgs/environment/library_path.sh
-- Installing: /root/ros2_ws/install/ardupilot_msgs/share/ardupilot_msgs/environment/library_path.dsv
-- Installing: /root/ros2_ws/install/ardupilot_msgs/lib/libardupilot_msgs__rosidl_generator_c.so
-- Set non-toolchain portion of runtime path of "/root/ros2_ws/install/ardupilot_msgs/lib/libardupilot_msgs__rosidl_generator_c.so" to ""
-- Up-to-date: /root/ros2_ws/install/ardupilot_msgs/include/ardupilot_msgs/ardupilot_msgs
-- Up-to-date: /root/ros2_ws/install/ardupilot_msgs/include/ardupilot_msgs/ardupilot_msgs/srv
-- Up-to-date: /root/ros2_ws/install/ardupilot_msgs/include/ardupilot_msgs/ardupilot_msgs/srv/detail
-- Installing: /root/ros2_ws/install/ardupilot_msgs/include/ardupilot_msgs/ardupilot_msgs/srv/detail/arm_motors__rosidl_typesupport_fastrtps_c.h
-- Installing: /root/ros2_ws/install/ardupilot_msgs/include/ardupilot_msgs/ardupilot_msgs/srv/detail/mode_switch__rosidl_typesupport_fastrtps_c.h
-- Up-to-date: /root/ros2_ws/install/ardupilot_msgs/include/ardupilot_msgs/ardupilot_msgs/msg
-- Installing: /root/ros2_ws/install/ardupilot_msgs/include/ardupilot_msgs/ardupilot_msgs/msg/rosidl_typesupport_fastrtps_c__visibility_control.h
-- Up-to-date: /root/ros2_ws/install/ardupilot_msgs/include/ardupilot_msgs/ardupilot_msgs/msg/detail
-- Installing: /root/ros2_ws/install/ardupilot_msgs/include/ardupilot_msgs/ardupilot_msgs/msg/detail/global_position__rosidl_typesupport_fastrtps_c.h
-- Installing: /root/ros2_ws/install/ardupilot_msgs/lib/libardupilot_msgs__rosidl_typesupport_fastrtps_c.so
-- Set non-toolchain portion of runtime path of "/root/ros2_ws/install/ardupilot_msgs/lib/libardupilot_msgs__rosidl_typesupport_fastrtps_c.so" to ""
-- Up-to-date: /root/ros2_ws/install/ardupilot_msgs/include/ardupilot_msgs/ardupilot_msgs
-- Up-to-date: /root/ros2_ws/install/ardupilot_msgs/include/ardupilot_msgs/ardupilot_msgs/srv
-- Up-to-date: /root/ros2_ws/install/ardupilot_msgs/include/ardupilot_msgs/ardupilot_msgs/srv/detail
-- Installing: /root/ros2_ws/install/ardupilot_msgs/include/ardupilot_msgs/ardupilot_msgs/srv/detail/arm_motors__traits.hpp
-- Installing: /root/ros2_ws/install/ardupilot_msgs/include/ardupilot_msgs/ardupilot_msgs/srv/detail/mode_switch__type_support.hpp
-- Installing: /root/ros2_ws/install/ardupilot_msgs/include/ardupilot_msgs/ardupilot_msgs/srv/detail/arm_motors__struct.hpp
-- Installing: /root/ros2_ws/install/ardupilot_msgs/include/ardupilot_msgs/ardupilot_msgs/srv/detail/mode_switch__traits.hpp
-- Installing: /root/ros2_ws/install/ardupilot_msgs/include/ardupilot_msgs/ardupilot_msgs/srv/detail/arm_motors__builder.hpp
-- Installing: /root/ros2_ws/install/ardupilot_msgs/include/ardupilot_msgs/ardupilot_msgs/srv/detail/arm_motors__type_support.hpp
-- Installing: /root/ros2_ws/install/ardupilot_msgs/include/ardupilot_msgs/ardupilot_msgs/srv/detail/mode_switch__struct.hpp
-- Installing: /root/ros2_ws/install/ardupilot_msgs/include/ardupilot_msgs/ardupilot_msgs/srv/detail/mode_switch__builder.hpp
-- Installing: /root/ros2_ws/install/ardupilot_msgs/include/ardupilot_msgs/ardupilot_msgs/srv/arm_motors.hpp
-- Installing: /root/ros2_ws/install/ardupilot_msgs/include/ardupilot_msgs/ardupilot_msgs/srv/mode_switch.hpp
-- Up-to-date: /root/ros2_ws/install/ardupilot_msgs/include/ardupilot_msgs/ardupilot_msgs/msg
-- Installing: /root/ros2_ws/install/ardupilot_msgs/include/ardupilot_msgs/ardupilot_msgs/msg/rosidl_generator_cpp__visibility_control.hpp
-- Up-to-date: /root/ros2_ws/install/ardupilot_msgs/include/ardupilot_msgs/ardupilot_msgs/msg/detail
-- Installing: /root/ros2_ws/install/ardupilot_msgs/include/ardupilot_msgs/ardupilot_msgs/msg/detail/global_position__builder.hpp
-- Installing: /root/ros2_ws/install/ardupilot_msgs/include/ardupilot_msgs/ardupilot_msgs/msg/detail/global_position__struct.hpp
-- Installing: /root/ros2_ws/install/ardupilot_msgs/include/ardupilot_msgs/ardupilot_msgs/msg/detail/global_position__traits.hpp
-- Installing: /root/ros2_ws/install/ardupilot_msgs/include/ardupilot_msgs/ardupilot_msgs/msg/detail/global_position__type_support.hpp
-- Installing: /root/ros2_ws/install/ardupilot_msgs/include/ardupilot_msgs/ardupilot_msgs/msg/global_position.hpp
-- Up-to-date: /root/ros2_ws/install/ardupilot_msgs/include/ardupilot_msgs/ardupilot_msgs
-- Up-to-date: /root/ros2_ws/install/ardupilot_msgs/include/ardupilot_msgs/ardupilot_msgs/srv
-- Up-to-date: /root/ros2_ws/install/ardupilot_msgs/include/ardupilot_msgs/ardupilot_msgs/srv/detail
-- Installing: /root/ros2_ws/install/ardupilot_msgs/include/ardupilot_msgs/ardupilot_msgs/srv/detail/mode_switch__rosidl_typesupport_fastrtps_cpp.hpp
-- Installing: /root/ros2_ws/install/ardupilot_msgs/include/ardupilot_msgs/ardupilot_msgs/srv/detail/arm_motors__rosidl_typesupport_fastrtps_cpp.hpp
-- Installing: /root/ros2_ws/install/ardupilot_msgs/include/ardupilot_msgs/ardupilot_msgs/srv/detail/dds_fastrtps
-- Up-to-date: /root/ros2_ws/install/ardupilot_msgs/include/ardupilot_msgs/ardupilot_msgs/msg
-- Up-to-date: /root/ros2_ws/install/ardupilot_msgs/include/ardupilot_msgs/ardupilot_msgs/msg/detail
-- Installing: /root/ros2_ws/install/ardupilot_msgs/include/ardupilot_msgs/ardupilot_msgs/msg/detail/global_position__rosidl_typesupport_fastrtps_cpp.hpp
-- Installing: /root/ros2_ws/install/ardupilot_msgs/include/ardupilot_msgs/ardupilot_msgs/msg/detail/dds_fastrtps
-- Installing: /root/ros2_ws/install/ardupilot_msgs/include/ardupilot_msgs/ardupilot_msgs/msg/rosidl_typesupport_fastrtps_cpp__visibility_control.h
-- Installing: /root/ros2_ws/install/ardupilot_msgs/lib/libardupilot_msgs__rosidl_typesupport_fastrtps_cpp.so
-- Set non-toolchain portion of runtime path of "/root/ros2_ws/install/ardupilot_msgs/lib/libardupilot_msgs__rosidl_typesupport_fastrtps_cpp.so" to ""
-- Up-to-date: /root/ros2_ws/install/ardupilot_msgs/include/ardupilot_msgs/ardupilot_msgs
-- Up-to-date: /root/ros2_ws/install/ardupilot_msgs/include/ardupilot_msgs/ardupilot_msgs/srv
-- Up-to-date: /root/ros2_ws/install/ardupilot_msgs/include/ardupilot_msgs/ardupilot_msgs/srv/detail
-- Installing: /root/ros2_ws/install/ardupilot_msgs/include/ardupilot_msgs/ardupilot_msgs/srv/detail/mode_switch__type_support.c
-- Installing: /root/ros2_ws/install/ardupilot_msgs/include/ardupilot_msgs/ardupilot_msgs/srv/detail/mode_switch__rosidl_typesupport_introspection_c.h
-- Installing: /root/ros2_ws/install/ardupilot_msgs/include/ardupilot_msgs/ardupilot_msgs/srv/detail/arm_motors__rosidl_typesupport_introspection_c.h
-- Installing: /root/ros2_ws/install/ardupilot_msgs/include/ardupilot_msgs/ardupilot_msgs/srv/detail/arm_motors__type_support.c
-- Up-to-date: /root/ros2_ws/install/ardupilot_msgs/include/ardupilot_msgs/ardupilot_msgs/msg
-- Installing: /root/ros2_ws/install/ardupilot_msgs/include/ardupilot_msgs/ardupilot_msgs/msg/rosidl_typesupport_introspection_c__visibility_control.h
-- Up-to-date: /root/ros2_ws/install/ardupilot_msgs/include/ardupilot_msgs/ardupilot_msgs/msg/detail
-- Installing: /root/ros2_ws/install/ardupilot_msgs/include/ardupilot_msgs/ardupilot_msgs/msg/detail/global_position__rosidl_typesupport_introspection_c.h
-- Installing: /root/ros2_ws/install/ardupilot_msgs/include/ardupilot_msgs/ardupilot_msgs/msg/detail/global_position__type_support.c
-- Installing: /root/ros2_ws/install/ardupilot_msgs/lib/libardupilot_msgs__rosidl_typesupport_introspection_c.so
-- Set non-toolchain portion of runtime path of "/root/ros2_ws/install/ardupilot_msgs/lib/libardupilot_msgs__rosidl_typesupport_introspection_c.so" to ""
-- Installing: /root/ros2_ws/install/ardupilot_msgs/lib/libardupilot_msgs__rosidl_typesupport_c.so
-- Set non-toolchain portion of runtime path of "/root/ros2_ws/install/ardupilot_msgs/lib/libardupilot_msgs__rosidl_typesupport_c.so" to ""
-- Up-to-date: /root/ros2_ws/install/ardupilot_msgs/include/ardupilot_msgs/ardupilot_msgs
-- Up-to-date: /root/ros2_ws/install/ardupilot_msgs/include/ardupilot_msgs/ardupilot_msgs/srv
-- Up-to-date: /root/ros2_ws/install/ardupilot_msgs/include/ardupilot_msgs/ardupilot_msgs/srv/detail
-- Installing: /root/ros2_ws/install/ardupilot_msgs/include/ardupilot_msgs/ardupilot_msgs/srv/detail/arm_motors__type_support.cpp
-- Installing: /root/ros2_ws/install/ardupilot_msgs/include/ardupilot_msgs/ardupilot_msgs/srv/detail/mode_switch__rosidl_typesupport_introspection_cpp.hpp
-- Installing: /root/ros2_ws/install/ardupilot_msgs/include/ardupilot_msgs/ardupilot_msgs/srv/detail/mode_switch__type_support.cpp
-- Installing: /root/ros2_ws/install/ardupilot_msgs/include/ardupilot_msgs/ardupilot_msgs/srv/detail/arm_motors__rosidl_typesupport_introspection_cpp.hpp
-- Up-to-date: /root/ros2_ws/install/ardupilot_msgs/include/ardupilot_msgs/ardupilot_msgs/msg
-- Up-to-date: /root/ros2_ws/install/ardupilot_msgs/include/ardupilot_msgs/ardupilot_msgs/msg/detail
-- Installing: /root/ros2_ws/install/ardupilot_msgs/include/ardupilot_msgs/ardupilot_msgs/msg/detail/global_position__type_support.cpp
-- Installing: /root/ros2_ws/install/ardupilot_msgs/include/ardupilot_msgs/ardupilot_msgs/msg/detail/global_position__rosidl_typesupport_introspection_cpp.hpp
-- Installing: /root/ros2_ws/install/ardupilot_msgs/lib/libardupilot_msgs__rosidl_typesupport_introspection_cpp.so
-- Set non-toolchain portion of runtime path of "/root/ros2_ws/install/ardupilot_msgs/lib/libardupilot_msgs__rosidl_typesupport_introspection_cpp.so" to ""
-- Installing: /root/ros2_ws/install/ardupilot_msgs/lib/libardupilot_msgs__rosidl_typesupport_cpp.so
-- Set non-toolchain portion of runtime path of "/root/ros2_ws/install/ardupilot_msgs/lib/libardupilot_msgs__rosidl_typesupport_cpp.so" to ""
-- Installing: /root/ros2_ws/install/ardupilot_msgs/share/ardupilot_msgs/environment/pythonpath.sh
-- Installing: /root/ros2_ws/install/ardupilot_msgs/share/ardupilot_msgs/environment/pythonpath.dsv
-- Installing: /root/ros2_ws/install/ardupilot_msgs/lib/python3.12/site-packages/ardupilot_msgs-0.0.0-py3.12.egg-info
-- Installing: /root/ros2_ws/install/ardupilot_msgs/lib/python3.12/site-packages/ardupilot_msgs-0.0.0-py3.12.egg-info/top_level.txt
-- Installing: /root/ros2_ws/install/ardupilot_msgs/lib/python3.12/site-packages/ardupilot_msgs-0.0.0-py3.12.egg-info/dependency_links.txt
-- Installing: /root/ros2_ws/install/ardupilot_msgs/lib/python3.12/site-packages/ardupilot_msgs-0.0.0-py3.12.egg-info/PKG-INFO
-- Installing: /root/ros2_ws/install/ardupilot_msgs/lib/python3.12/site-packages/ardupilot_msgs-0.0.0-py3.12.egg-info/SOURCES.txt
-- Installing: /root/ros2_ws/install/ardupilot_msgs/lib/python3.12/site-packages/ardupilot_msgs
-- Installing: /root/ros2_ws/install/ardupilot_msgs/lib/python3.12/site-packages/ardupilot_msgs/ardupilot_msgs_s__rosidl_typesupport_fastrtps_c.so
-- Installing: /root/ros2_ws/install/ardupilot_msgs/lib/python3.12/site-packages/ardupilot_msgs/_ardupilot_msgs_s.ep.rosidl_typesupport_fastrtps_c.c
-- Installing: /root/ros2_ws/install/ardupilot_msgs/lib/python3.12/site-packages/ardupilot_msgs/_ardupilot_msgs_s.ep.rosidl_typesupport_introspection_c.c
-- Installing: /root/ros2_ws/install/ardupilot_msgs/lib/python3.12/site-packages/ardupilot_msgs/srv
-- Installing: /root/ros2_ws/install/ardupilot_msgs/lib/python3.12/site-packages/ardupilot_msgs/srv/_mode_switch.py
-- Installing: /root/ros2_ws/install/ardupilot_msgs/lib/python3.12/site-packages/ardupilot_msgs/srv/_arm_motors.py
-- Installing: /root/ros2_ws/install/ardupilot_msgs/lib/python3.12/site-packages/ardupilot_msgs/srv/_mode_switch_s.c
-- Installing: /root/ros2_ws/install/ardupilot_msgs/lib/python3.12/site-packages/ardupilot_msgs/srv/__init__.py
-- Installing: /root/ros2_ws/install/ardupilot_msgs/lib/python3.12/site-packages/ardupilot_msgs/srv/_arm_motors_s.c
-- Installing: /root/ros2_ws/install/ardupilot_msgs/lib/python3.12/site-packages/ardupilot_msgs/ardupilot_msgs_s__rosidl_typesupport_c.so
-- Installing: /root/ros2_ws/install/ardupilot_msgs/lib/python3.12/site-packages/ardupilot_msgs/_ardupilot_msgs_s.ep.rosidl_typesupport_c.c
-- Installing: /root/ros2_ws/install/ardupilot_msgs/lib/python3.12/site-packages/ardupilot_msgs/msg
-- Installing: /root/ros2_ws/install/ardupilot_msgs/lib/python3.12/site-packages/ardupilot_msgs/msg/_global_position.py
-- Installing: /root/ros2_ws/install/ardupilot_msgs/lib/python3.12/site-packages/ardupilot_msgs/msg/__init__.py
-- Installing: /root/ros2_ws/install/ardupilot_msgs/lib/python3.12/site-packages/ardupilot_msgs/msg/_global_position_s.c
-- Installing: /root/ros2_ws/install/ardupilot_msgs/lib/python3.12/site-packages/ardupilot_msgs/ardupilot_msgs_s__rosidl_typesupport_introspection_c.so
-- Installing: /root/ros2_ws/install/ardupilot_msgs/lib/python3.12/site-packages/ardupilot_msgs/__init__.py
Listing '/root/ros2_ws/install/ardupilot_msgs/lib/python3.12/site-packages/ardupilot_msgs'...
Compiling '/root/ros2_ws/install/ardupilot_msgs/lib/python3.12/site-packages/ardupilot_msgs/__init__.py'...
Listing '/root/ros2_ws/install/ardupilot_msgs/lib/python3.12/site-packages/ardupilot_msgs/msg'...
Compiling '/root/ros2_ws/install/ardupilot_msgs/lib/python3.12/site-packages/ardupilot_msgs/msg/__init__.py'...
Compiling '/root/ros2_ws/install/ardupilot_msgs/lib/python3.12/site-packages/ardupilot_msgs/msg/_global_position.py'...
Listing '/root/ros2_ws/install/ardupilot_msgs/lib/python3.12/site-packages/ardupilot_msgs/srv'...
Compiling '/root/ros2_ws/install/ardupilot_msgs/lib/python3.12/site-packages/ardupilot_msgs/srv/__init__.py'...
Compiling '/root/ros2_ws/install/ardupilot_msgs/lib/python3.12/site-packages/ardupilot_msgs/srv/_arm_motors.py'...
Compiling '/root/ros2_ws/install/ardupilot_msgs/lib/python3.12/site-packages/ardupilot_msgs/srv/_mode_switch.py'...
-- Installing: /root/ros2_ws/install/ardupilot_msgs/lib/python3.12/site-packages/ardupilot_msgs/ardupilot_msgs_s__rosidl_typesupport_fastrtps_c.so
-- Set non-toolchain portion of runtime path of "/root/ros2_ws/install/ardupilot_msgs/lib/python3.12/site-packages/ardupilot_msgs/ardupilot_msgs_s__rosidl_typesupport_fastrtps_c.so" to ""
-- Installing: /root/ros2_ws/install/ardupilot_msgs/lib/python3.12/site-packages/ardupilot_msgs/ardupilot_msgs_s__rosidl_typesupport_introspection_c.so
-- Set non-toolchain portion of runtime path of "/root/ros2_ws/install/ardupilot_msgs/lib/python3.12/site-packages/ardupilot_msgs/ardupilot_msgs_s__rosidl_typesupport_introspection_c.so" to ""
-- Installing: /root/ros2_ws/install/ardupilot_msgs/lib/python3.12/site-packages/ardupilot_msgs/ardupilot_msgs_s__rosidl_typesupport_c.so
-- Set non-toolchain portion of runtime path of "/root/ros2_ws/install/ardupilot_msgs/lib/python3.12/site-packages/ardupilot_msgs/ardupilot_msgs_s__rosidl_typesupport_c.so" to ""
-- Installing: /root/ros2_ws/install/ardupilot_msgs/lib/libardupilot_msgs__rosidl_generator_py.so
-- Set non-toolchain portion of runtime path of "/root/ros2_ws/install/ardupilot_msgs/lib/libardupilot_msgs__rosidl_generator_py.so" to ""
-- Installing: /root/ros2_ws/install/ardupilot_msgs/share/ardupilot_msgs/msg/GlobalPosition.idl
-- Installing: /root/ros2_ws/install/ardupilot_msgs/share/ardupilot_msgs/srv/ArmMotors.idl
-- Installing: /root/ros2_ws/install/ardupilot_msgs/share/ardupilot_msgs/srv/ModeSwitch.idl
-- Installing: /root/ros2_ws/install/ardupilot_msgs/share/ardupilot_msgs/msg/GlobalPosition.msg
-- Installing: /root/ros2_ws/install/ardupilot_msgs/share/ardupilot_msgs/srv/ArmMotors.srv
-- Installing: /root/ros2_ws/install/ardupilot_msgs/share/ardupilot_msgs/srv/ModeSwitch.srv
-- Installing: /root/ros2_ws/install/ardupilot_msgs/share/ament_index/resource_index/package_run_dependencies/ardupilot_msgs
-- Installing: /root/ros2_ws/install/ardupilot_msgs/share/ament_index/resource_index/parent_prefix_path/ardupilot_msgs
-- Installing: /root/ros2_ws/install/ardupilot_msgs/share/ardupilot_msgs/environment/ament_prefix_path.sh
-- Installing: /root/ros2_ws/install/ardupilot_msgs/share/ardupilot_msgs/environment/ament_prefix_path.dsv
-- Installing: /root/ros2_ws/install/ardupilot_msgs/share/ardupilot_msgs/environment/path.sh
-- Installing: /root/ros2_ws/install/ardupilot_msgs/share/ardupilot_msgs/environment/path.dsv
-- Installing: /root/ros2_ws/install/ardupilot_msgs/share/ardupilot_msgs/local_setup.bash
-- Installing: /root/ros2_ws/install/ardupilot_msgs/share/ardupilot_msgs/local_setup.sh
-- Installing: /root/ros2_ws/install/ardupilot_msgs/share/ardupilot_msgs/local_setup.zsh
-- Installing: /root/ros2_ws/install/ardupilot_msgs/share/ardupilot_msgs/local_setup.dsv
-- Installing: /root/ros2_ws/install/ardupilot_msgs/share/ardupilot_msgs/package.dsv
-- Installing: /root/ros2_ws/install/ardupilot_msgs/share/ament_index/resource_index/packages/ardupilot_msgs
-- Installing: /root/ros2_ws/install/ardupilot_msgs/share/ardupilot_msgs/cmake/export_ardupilot_msgs__rosidl_generator_cExport.cmake
-- Installing: /root/ros2_ws/install/ardupilot_msgs/share/ardupilot_msgs/cmake/export_ardupilot_msgs__rosidl_generator_cExport-noconfig.cmake
-- Installing: /root/ros2_ws/install/ardupilot_msgs/share/ardupilot_msgs/cmake/export_ardupilot_msgs__rosidl_typesupport_fastrtps_cExport.cmake
-- Installing: /root/ros2_ws/install/ardupilot_msgs/share/ardupilot_msgs/cmake/export_ardupilot_msgs__rosidl_typesupport_fastrtps_cExport-noconfig.cmake
-- Installing: /root/ros2_ws/install/ardupilot_msgs/share/ardupilot_msgs/cmake/export_ardupilot_msgs__rosidl_generator_cppExport.cmake
-- Installing: /root/ros2_ws/install/ardupilot_msgs/share/ardupilot_msgs/cmake/export_ardupilot_msgs__rosidl_typesupport_fastrtps_cppExport.cmake
-- Installing: /root/ros2_ws/install/ardupilot_msgs/share/ardupilot_msgs/cmake/export_ardupilot_msgs__rosidl_typesupport_fastrtps_cppExport-noconfig.cmake
-- Installing: /root/ros2_ws/install/ardupilot_msgs/share/ardupilot_msgs/cmake/ardupilot_msgs__rosidl_typesupport_introspection_cExport.cmake
-- Installing: /root/ros2_ws/install/ardupilot_msgs/share/ardupilot_msgs/cmake/ardupilot_msgs__rosidl_typesupport_introspection_cExport-noconfig.cmake
-- Installing: /root/ros2_ws/install/ardupilot_msgs/share/ardupilot_msgs/cmake/ardupilot_msgs__rosidl_typesupport_cExport.cmake
-- Installing: /root/ros2_ws/install/ardupilot_msgs/share/ardupilot_msgs/cmake/ardupilot_msgs__rosidl_typesupport_cExport-noconfig.cmake
-- Installing: /root/ros2_ws/install/ardupilot_msgs/share/ardupilot_msgs/cmake/ardupilot_msgs__rosidl_typesupport_introspection_cppExport.cmake
-- Installing: /root/ros2_ws/install/ardupilot_msgs/share/ardupilot_msgs/cmake/ardupilot_msgs__rosidl_typesupport_introspection_cppExport-noconfig.cmake
-- Installing: /root/ros2_ws/install/ardupilot_msgs/share/ardupilot_msgs/cmake/ardupilot_msgs__rosidl_typesupport_cppExport.cmake
-- Installing: /root/ros2_ws/install/ardupilot_msgs/share/ardupilot_msgs/cmake/ardupilot_msgs__rosidl_typesupport_cppExport-noconfig.cmake
-- Installing: /root/ros2_ws/install/ardupilot_msgs/share/ardupilot_msgs/cmake/export_ardupilot_msgs__rosidl_generator_pyExport.cmake
-- Installing: /root/ros2_ws/install/ardupilot_msgs/share/ardupilot_msgs/cmake/export_ardupilot_msgs__rosidl_generator_pyExport-noconfig.cmake
-- Installing: /root/ros2_ws/install/ardupilot_msgs/share/ardupilot_msgs/cmake/rosidl_cmake-extras.cmake
-- Installing: /root/ros2_ws/install/ardupilot_msgs/share/ardupilot_msgs/cmake/ament_cmake_export_dependencies-extras.cmake
-- Installing: /root/ros2_ws/install/ardupilot_msgs/share/ardupilot_msgs/cmake/ament_cmake_export_include_directories-extras.cmake
-- Installing: /root/ros2_ws/install/ardupilot_msgs/share/ardupilot_msgs/cmake/ament_cmake_export_libraries-extras.cmake
-- Installing: /root/ros2_ws/install/ardupilot_msgs/share/ardupilot_msgs/cmake/ament_cmake_export_targets-extras.cmake
-- Installing: /root/ros2_ws/install/ardupilot_msgs/share/ardupilot_msgs/cmake/rosidl_cmake_export_typesupport_targets-extras.cmake
-- Installing: /root/ros2_ws/install/ardupilot_msgs/share/ardupilot_msgs/cmake/rosidl_cmake_export_typesupport_libraries-extras.cmake
-- Installing: /root/ros2_ws/install/ardupilot_msgs/share/ardupilot_msgs/cmake/ardupilot_msgsConfig.cmake
-- Installing: /root/ros2_ws/install/ardupilot_msgs/share/ardupilot_msgs/cmake/ardupilot_msgsConfig-version.cmake
-- Installing: /root/ros2_ws/install/ardupilot_msgs/share/ardupilot_msgs/package.xml
